// Jest Snapshot v1, https://goo.gl/fbAQLP

exports[`sanapshot testing 1`] = `"hello, my name is fauzi"`;
